[ 1284812ms] [ERROR] Failed to load resource: net::ERR_CONNECTION_REFUSED @ http://localhost:3100/?_rsc=16sew:0
[ 1284813ms] [ERROR] Failed to fetch RSC payload for http://localhost:3100/. Falling back to browser navigation. TypeError: Failed to fetch
    at s (http://localhost:3100/_next/static/chunks/8069-c049ea587eed9df6.js:1:43630)
    at http://localhost:3100/_next/static/chunks/8069-c049ea587eed9df6.js:1:62485
    at Object.u [as task] (http://localhost:3100/_next/static/chunks/8069-c049ea587eed9df6.js:1:31853)
    at c.s (http://localhost:3100/_next/static/chunks/8069-c049ea587eed9df6.js:1:32558)
    at c.enqueue (http://localhost:3100/_next/static/chunks/8069-c049ea587eed9df6.js:1:31983)
    at s (http://localhost:3100/_next/static/chunks/8069-c049ea587eed9df6.js:1:62448)
    at http://localhost:3100/_next/static/chunks/8069-c049ea587eed9df6.js:1:71089
    at Object.action (http://localhost:3100/_next/static/chunks/8069-c049ea587eed9df6.js:1:88244)
    at c (http://localhost:3100/_next/static/chunks/8069-c049ea587eed9df6.js:1:87269)
    at http://localhost:3100/_next/static/chunks/8069-c049ea587eed9df6.js:1:87878 @ http://localhost:3100/_next/static/chunks/8069-c049ea587eed9df6.js:0
[ 1285048ms] [ERROR] Failed to load resource: net::ERR_CONNECTION_REFUSED @ http://localhost:3100/tel:(207)555-0119?_rsc=16sew:0
[ 1285048ms] [ERROR] Failed to fetch RSC payload for http://localhost:3100/tel:(207)555-0119. Falling back to browser navigation. TypeError: Failed to fetch
    at s (http://localhost:3100/_next/static/chunks/8069-c049ea587eed9df6.js:1:43630)
    at http://localhost:3100/_next/static/chunks/8069-c049ea587eed9df6.js:1:62485
    at Object.u [as task] (http://localhost:3100/_next/static/chunks/8069-c049ea587eed9df6.js:1:31853)
    at c.s (http://localhost:3100/_next/static/chunks/8069-c049ea587eed9df6.js:1:32558)
    at c.enqueue (http://localhost:3100/_next/static/chunks/8069-c049ea587eed9df6.js:1:31983)
    at s (http://localhost:3100/_next/static/chunks/8069-c049ea587eed9df6.js:1:62448)
    at http://localhost:3100/_next/static/chunks/8069-c049ea587eed9df6.js:1:71089
    at Object.action (http://localhost:3100/_next/static/chunks/8069-c049ea587eed9df6.js:1:88244)
    at c (http://localhost:3100/_next/static/chunks/8069-c049ea587eed9df6.js:1:87269)
    at http://localhost:3100/_next/static/chunks/8069-c049ea587eed9df6.js:1:87878 @ http://localhost:3100/_next/static/chunks/8069-c049ea587eed9df6.js:0
